C:\Users\anton\Documents\Visual Studio 2010\Projects\PviBroker\BnR\Test\Logical\Global.typ
C:\Users\anton\Documents\Visual Studio 2010\Projects\PviBroker\BnR\Test\Logical\Global.var
C:\Users\anton\Documents\Visual Studio 2010\Projects\PviBroker\BnR\Test\Logical\Libraries\Runtime\runtime.var
C:\Users\anton\Documents\Visual Studio 2010\Projects\PviBroker\BnR\Test\Logical\Libraries\Runtime\runtime.typ
C:\Users\anton\Documents\Visual Studio 2010\Projects\PviBroker\BnR\Test\Logical\Libraries\Runtime\runtime.fun
C:\Users\anton\Documents\Visual Studio 2010\Projects\PviBroker\BnR\Test\Logical\Libraries\Operator\operator.fun
C:\Users\anton\Documents\Visual Studio 2010\Projects\PviBroker\BnR\Test\Logical\Libraries\AsIecCon\AsIecCon.fun
C:\Users\anton\Documents\Visual Studio 2010\Projects\PviBroker\BnR\Test\Logical\Libraries\astime\astime.var
C:\Users\anton\Documents\Visual Studio 2010\Projects\PviBroker\BnR\Test\Logical\Libraries\astime\astime.typ
C:\Users\anton\Documents\Visual Studio 2010\Projects\PviBroker\BnR\Test\Logical\Libraries\astime\astime.fun
